// Jest Snapshot v1, https://goo.gl/fbAQLP

exports[`To test the App Component functionality. renders without crashing 1`] = `ShallowWrapper {}`;
