// Jest Snapshot v1, https://goo.gl/fbAQLP

exports[`To test the Layout Component functionality. renders with history props 1`] = `ShallowWrapper {}`;

exports[`To test the Layout Component functionality. renders without crashing 1`] = `ShallowWrapper {}`;
